
  .   ____          _            __ _ _
 /\\ / ___'_ __ _ _(_)_ __  __ _ \ \ \ \
( ( )\___ | '_ | '_| | '_ \/ _` | \ \ \ \
 \\/  ___)| |_)| | | | | || (_| |  ) ) ) )
  '  |____| .__|_| |_|_| |_\__, | / / / /
 =========|_|==============|___/=/_/_/_/
 :: Spring Boot ::                (v3.2.0)

2026-09-18T11:06:52.183+05:30  INFO 12168 --- [           main] c.example.medlocal.MedlocalApplication   : Starting MedlocalApplication v0.0.1-SNAPSHOT using Java 25.0.1 with PID 12168 (D:\Java Dev\New folder\backend\target\medlocal-backend-0.0.1-SNAPSHOT.jar started by AMRITANSHU in D:\Java Dev\New folder\backend)
2026-09-18T11:06:52.187+05:30  INFO 12168 --- [           main] c.example.medlocal.MedlocalApplication   : The following 1 profile is active: "dev"
2026-09-18T11:06:53.854+05:30  INFO 12168 --- [           main] .s.d.r.c.RepositoryConfigurationDelegate : Bootstrapping Spring Data JPA repositories in DEFAULT mode.
2026-09-18T11:06:54.003+05:30  INFO 12168 --- [           main] .s.d.r.c.RepositoryConfigurationDelegate : Finished Spring Data repository scanning in 135 ms. Found 5 JPA repository interfaces.
WARNING: A restricted method in java.lang.System has been called
WARNING: java.lang.System::load has been called by org.apache.tomcat.jni.Library in an unnamed module (jar:nested:/D:/Java Dev/New folder/backend/target/medlocal-backend-0.0.1-SNAPSHOT.jar/!BOOT-INF/lib/tomcat-embed-core-10.1.16.jar!/)
WARNING: Use --enable-native-access=ALL-UNNAMED to avoid a warning for callers in this module
WARNING: Restricted methods will be blocked in a future release unless native access is enabled

2026-09-18T11:06:55.664+05:30  INFO 12168 --- [           main] o.s.b.w.embedded.tomcat.TomcatWebServer  : Tomcat initialized with port 9091 (http)
2026-09-18T11:06:55.680+05:30  INFO 12168 --- [           main] o.apache.catalina.core.StandardService   : Starting service [Tomcat]
2026-09-18T11:06:55.681+05:30  INFO 12168 --- [           main] o.apache.catalina.core.StandardEngine    : Starting Servlet engine: [Apache Tomcat/10.1.16]
2026-09-18T11:06:55.770+05:30  INFO 12168 --- [           main] o.a.c.c.C.[Tomcat].[localhost].[/]       : Initializing Spring embedded WebApplicationContext
2026-09-18T11:06:55.771+05:30  INFO 12168 --- [           main] w.s.c.ServletWebServerApplicationContext : Root WebApplicationContext: initialization completed in 3422 ms
2026-09-18T11:06:56.651+05:30  INFO 12168 --- [           main] o.hibernate.jpa.internal.util.LogHelper  : HHH000204: Processing PersistenceUnitInfo [name: default]
2026-09-18T11:06:56.831+05:30  INFO 12168 --- [           main] org.hibernate.Version                    : HHH000412: Hibernate ORM core version 6.3.1.Final
2026-09-18T11:06:56.865+05:30  INFO 12168 --- [           main] o.h.spatial.integration.SpatialService   : HHH80000001: hibernate-spatial integration enabled : true
2026-09-18T11:06:57.000+05:30  INFO 12168 --- [           main] o.h.c.internal.RegionFactoryInitiator    : HHH000026: Second-level cache disabled
2026-09-18T11:06:57.370+05:30  INFO 12168 --- [           main] com.zaxxer.hikari.HikariDataSource       : HikariPool-1 - Starting...
2026-09-18T11:06:57.909+05:30  INFO 12168 --- [           main] com.zaxxer.hikari.pool.HikariPool        : HikariPool-1 - Added connection conn0: url=jdbc:h2:mem:medlocaldb user=SA
2026-09-18T11:06:57.911+05:30  INFO 12168 --- [           main] com.zaxxer.hikari.HikariDataSource       : HikariPool-1 - Start completed.
2026-09-18T11:06:57.971+05:30  WARN 12168 --- [           main] org.hibernate.orm.deprecation            : HHH90000025: H2Dialect does not need to be specified explicitly using 'hibernate.dialect' (remove the property setting and it will be selected by default)
2026-09-18T11:06:58.026+05:30  INFO 12168 --- [           main] org.hibernate.spatial                    : HHH80000003: hibernate-spatial adding type contributions from : org.hibernate.spatial.dialect.h2gis.H2GisDialectContributor
2026-09-18T11:06:58.340+05:30  INFO 12168 --- [           main] o.s.o.j.p.SpringPersistenceUnitInfo      : No LoadTimeWeaver setup: ignoring JPA class transformer
2026-09-18T11:06:58.386+05:30  INFO 12168 --- [           main] org.hibernate.spatial                    : HHH80000003: hibernate-spatial adding type contributions from : org.hibernate.spatial.dialect.h2gis.H2GisDialectContributor
2026-09-18T11:06:58.902+05:30  INFO 12168 --- [           main] org.hibernate.spatial                    : HHH80000004: hibernate-spatial adding function contributions from : org.hibernate.spatial.dialect.h2gis.H2GisDialectContributor
2026-09-18T11:07:00.004+05:30  INFO 12168 --- [           main] o.h.e.t.j.p.i.JtaPlatformInitiator       : HHH000489: No JTA platform available (set 'hibernate.transaction.jta.platform' to enable JTA platform integration)
Hibernate: create table medicines (id bigint generated by default as identity, brand_name varchar(255), category varchar(255) not null, created_at timestamp(6), description varchar(255), generic_name varchar(255) not null, is_active boolean not null, name varchar(255) not null, requires_prescription boolean not null, sub_category varchar(255), updated_at timestamp(6), primary key (id))
Hibernate: create table pharmacies (id bigint generated by default as identity, address_line1 varchar(255) not null, address_line2 varchar(255), city varchar(255) not null, country varchar(255) not null, created_at timestamp(6), is_active boolean not null, license_number varchar(255) not null, name varchar(255) not null, phone varchar(255) not null, postal_code varchar(255) not null, state varchar(255) not null, updated_at timestamp(6), admin_user_id bigint, primary key (id))
Hibernate: create table pharmacy_inventory (id bigint generated by default as identity, created_at timestamp(6), expiry_date timestamp(6), is_available boolean not null, price numeric(10,2) not null, stock_quantity integer not null, updated_at timestamp(6), medicine_id bigint not null, pharmacy_id bigint not null, primary key (id))
Hibernate: create table pharmacy_locations (id bigint generated by default as identity, address_line1 varchar(255) not null, address_line2 varchar(255), city varchar(255) not null, coordinates geometry(Point, 4326) not null, country varchar(255) not null, created_at timestamp(6), is_active boolean not null, is_primary boolean not null, location_name varchar(255) not null, phone varchar(255), postal_code varchar(255) not null, state varchar(255) not null, updated_at timestamp(6), pharmacy_id bigint not null, primary key (id))
Hibernate: create table users (id bigint generated by default as identity, email varchar(255) not null, password varchar(255) not null, role varchar(255) not null check (role in ('CUSTOMER','PHARMACY_ADMIN','DELIVERY_PARTNER','PLATFORM_ADMIN')), username varchar(255) not null, primary key (id))
Hibernate: alter table if exists medicines drop constraint if exists UKb6dv5kee0aoi485ijmu3n63ic
Hibernate: alter table if exists medicines add constraint UKb6dv5kee0aoi485ijmu3n63ic unique (name)
Hibernate: alter table if exists pharmacies drop constraint if exists UK5opqqoxkew59mhmfeioxtu6dd
Hibernate: alter table if exists pharmacies add constraint UK5opqqoxkew59mhmfeioxtu6dd unique (name)
Hibernate: alter table if exists pharmacies drop constraint if exists UKias0wno0h3b9fsxcof16sifo0
Hibernate: alter table if exists pharmacies add constraint UKias0wno0h3b9fsxcof16sifo0 unique (license_number)
Hibernate: alter table if exists pharmacies drop constraint if exists UK_os47405geid9ubbmqi3ov7n5u
Hibernate: alter table if exists pharmacies add constraint UK_os47405geid9ubbmqi3ov7n5u unique (admin_user_id)
Hibernate: alter table if exists pharmacy_inventory drop constraint if exists UKb0ai82at6cim7bqgl0ky3o7wb
Hibernate: alter table if exists pharmacy_inventory add constraint UKb0ai82at6cim7bqgl0ky3o7wb unique (pharmacy_id, medicine_id)
Hibernate: alter table if exists users drop constraint if exists UKr43af9ap4edm43mmtq01oddj6
Hibernate: alter table if exists users add constraint UKr43af9ap4edm43mmtq01oddj6 unique (username)
Hibernate: alter table if exists users drop constraint if exists UK6dotkott2kjsp8vw4d0m25fb7
Hibernate: alter table if exists users add constraint UK6dotkott2kjsp8vw4d0m25fb7 unique (email)
Hibernate: alter table if exists pharmacies add constraint FKhra3q2rt20flgrym777xlc8ps foreign key (admin_user_id) references users
Hibernate: alter table if exists pharmacy_inventory add constraint FKj2vwjwuy2946wuhuf1fovgg5w foreign key (medicine_id) references medicines
Hibernate: alter table if exists pharmacy_inventory add constraint FK3f2iy58u9k69e0henlsunv1ra foreign key (pharmacy_id) references pharmacies
Hibernate: alter table if exists pharmacy_locations add constraint FKm66i6bl9i5xwx6qwy0nkr15je foreign key (pharmacy_id) references pharmacies
2026-09-18T11:07:00.219+05:30  INFO 12168 --- [           main] j.LocalContainerEntityManagerFactoryBean : Initialized JPA EntityManagerFactory for persistence unit 'default'
2026-09-18T11:07:01.942+05:30  INFO 12168 --- [           main] o.s.d.j.r.query.QueryEnhancerFactory     : Hibernate is in classpath; If applicable, HQL parser will be used.
2026-09-18T11:07:03.555+05:30  WARN 12168 --- [           main] JpaBaseConfiguration$JpaWebConfiguration : spring.jpa.open-in-view is enabled by default. Therefore, database queries may be performed during view rendering. Explicitly configure spring.jpa.open-in-view to disable this warning
2026-09-18T11:07:05.026+05:30  INFO 12168 --- [           main] o.s.b.a.e.web.EndpointLinksResolver      : Exposing 2 endpoint(s) beneath base path '/actuator'
2026-09-18T11:07:05.196+05:30  INFO 12168 --- [           main] o.s.s.web.DefaultSecurityFilterChain     : Will secure any request with [org.springframework.security.web.session.DisableEncodeUrlFilter@e73787, org.springframework.security.web.context.request.async.WebAsyncManagerIntegrationFilter@395065af, org.springframework.security.web.context.SecurityContextHolderFilter@da51aa8, org.springframework.security.web.header.HeaderWriterFilter@7e09bee, org.springframework.web.filter.CorsFilter@4de5d46c, org.springframework.security.web.authentication.logout.LogoutFilter@4ed8ae9f, com.example.medlocal.security.JwtRequestFilter@6bb46040, org.springframework.security.web.savedrequest.RequestCacheAwareFilter@1c8bf01d, org.springframework.security.web.servletapi.SecurityContextHolderAwareRequestFilter@366fd3cb, org.springframework.security.web.authentication.AnonymousAuthenticationFilter@304d6881, org.springframework.security.web.session.SessionManagementFilter@14a4ba91, org.springframework.security.web.access.ExceptionTranslationFilter@2cf7ada5, org.springframework.security.web.access.intercept.AuthorizationFilter@2b5854a7]
2026-09-18T11:07:06.264+05:30  INFO 12168 --- [           main] o.s.b.w.embedded.tomcat.TomcatWebServer  : Tomcat started on port 9091 (http) with context path ''
2026-09-18T11:07:06.283+05:30  INFO 12168 --- [           main] c.example.medlocal.MedlocalApplication   : Started MedlocalApplication in 14.885 seconds (process running for 15.73)
2026-09-18T11:07:56.292+05:30  INFO 12168 --- [nio-9091-exec-1] o.a.c.c.C.[Tomcat].[localhost].[/]       : Initializing Spring DispatcherServlet 'dispatcherServlet'
2026-09-18T11:07:56.293+05:30  INFO 12168 --- [nio-9091-exec-1] o.s.web.servlet.DispatcherServlet        : Initializing Servlet 'dispatcherServlet'
2026-09-18T11:07:56.299+05:30  INFO 12168 --- [nio-9091-exec-1] o.s.web.servlet.DispatcherServlet        : Completed initialization in 4 ms
2026-09-18T11:07:56.376+05:30  WARN 12168 --- [nio-9091-exec-1] o.s.w.s.h.HandlerMappingIntrospector     : Cache miss for REQUEST dispatch to '/health' (previous null). Performing CorsConfiguration lookup. This is logged once only at WARN level, and every time at TRACE.
2026-09-18T11:07:56.394+05:30  WARN 12168 --- [nio-9091-exec-1] c.e.medlocal.security.JwtRequestFilter   : JWT Token does not begin with Bearer String
2026-09-18T11:07:56.403+05:30  WARN 12168 --- [nio-9091-exec-1] o.s.w.s.h.HandlerMappingIntrospector     : Cache miss for REQUEST dispatch to '/health' (previous null). Performing MatchableHandlerMapping lookup. This is logged once only at WARN level, and every time at TRACE.
2026-09-18T11:07:56.418+05:30 ERROR 12168 --- [nio-9091-exec-1] c.e.m.s.JwtAuthenticationEntryPoint      : Unauthorized error: Full authentication is required to access this resource
2026-09-18T11:07:56.438+05:30 ERROR 12168 --- [nio-9091-exec-1] c.e.m.s.JwtAuthenticationEntryPoint      : Unauthorized error: Full authentication is required to access this resource
2026-09-18T11:35:50.063+05:30  WARN 12168 --- [nio-9091-exec-3] c.e.medlocal.security.JwtRequestFilter   : JWT Token does not begin with Bearer String
2026-09-18T11:35:50.117+05:30 ERROR 12168 --- [nio-9091-exec-3] c.e.m.s.JwtAuthenticationEntryPoint      : Unauthorized error: Full authentication is required to access this resource
2026-09-18T11:35:50.130+05:30 ERROR 12168 --- [nio-9091-exec-3] c.e.m.s.JwtAuthenticationEntryPoint      : Unauthorized error: Full authentication is required to access this resource
2026-09-18T11:42:49.317+05:30  WARN 12168 --- [l-1 housekeeper] com.zaxxer.hikari.pool.HikariPool        : HikariPool-1 - Thread starvation or clock leap detected (housekeeper delta=3m50s446ms365µs400ns).
